// Jest Snapshot v1, https://goo.gl/fbAQLP

exports[`util/Tooltip should render 1`] = `
<div>
  <div
    class="root"
  >
    <button
      aria-selected="false"
      class="lotta-base-button variant__default lotta-button"
      role="button"
      type="button"
    >
      <span
        class="lotta-button_text"
      >
        Test
      </span>
    </button>
  </div>
</div>
`;
